// Jest Snapshot v1, https://goo.gl/fbAQLP

exports[`GenericInput.vue Tests renders component correctly 1`] = `
<div
  class="card"
>
  
  
</div>
`;
