// Jest Snapshot v1, https://goo.gl/fbAQLP

exports[`GenericInput.vue Tests renders component correctly 1`] = `
<div
  class="generic-button"
>
  <button
    type="button"
  >
    Button Text
  </button>
</div>
`;
